C:\Users\princ\SindaAgro\AgriVision-AI\backend\src\main\java\com\agrivision\backend\AgriVisionApplication.java
C:\Users\princ\SindaAgro\AgriVision-AI\backend\src\main\java\com\agrivision\backend\ai\dto\AiCropPredictionRequestDto.java
C:\Users\princ\SindaAgro\AgriVision-AI\backend\src\main\java\com\agrivision\backend\ai\dto\AiCropPredictionResponseDto.java
C:\Users\princ\SindaAgro\AgriVision-AI\backend\src\main\java\com\agrivision\backend\ai\service\AiServiceClient.java
C:\Users\princ\SindaAgro\AgriVision-AI\backend\src\main\java\com\agrivision\backend\ai\service\AiServiceClientImpl.java
C:\Users\princ\SindaAgro\AgriVision-AI\backend\src\main\java\com\agrivision\backend\assistant\controller\AssistantController.java
C:\Users\princ\SindaAgro\AgriVision-AI\backend\src\main\java\com\agrivision\backend\assistant\dto\AssistantChatRequestDto.java
C:\Users\princ\SindaAgro\AgriVision-AI\backend\src\main\java\com\agrivision\backend\assistant\dto\AssistantChatResponseDto.java
C:\Users\princ\SindaAgro\AgriVision-AI\backend\src\main\java\com\agrivision\backend\assistant\dto\PesticideGuideDto.java
C:\Users\princ\SindaAgro\AgriVision-AI\backend\src\main\java\com\agrivision\backend\assistant\dto\TechnologyGuideDto.java
C:\Users\princ\SindaAgro\AgriVision-AI\backend\src\main\java\com\agrivision\backend\common\dto\ApiResponseDto.java
C:\Users\princ\SindaAgro\AgriVision-AI\backend\src\main\java\com\agrivision\backend\config\SecurityConfig.java
C:\Users\princ\SindaAgro\AgriVision-AI\backend\src\main\java\com\agrivision\backend\crop\controller\CropController.java
C:\Users\princ\SindaAgro\AgriVision-AI\backend\src\main\java\com\agrivision\backend\crop\dto\CropRequestDto.java
C:\Users\princ\SindaAgro\AgriVision-AI\backend\src\main\java\com\agrivision\backend\crop\dto\CropResponseDto.java
C:\Users\princ\SindaAgro\AgriVision-AI\backend\src\main\java\com\agrivision\backend\crop\entity\Crop.java
C:\Users\princ\SindaAgro\AgriVision-AI\backend\src\main\java\com\agrivision\backend\crop\repository\CropRepository.java
C:\Users\princ\SindaAgro\AgriVision-AI\backend\src\main\java\com\agrivision\backend\crop\service\CropService.java
C:\Users\princ\SindaAgro\AgriVision-AI\backend\src\main\java\com\agrivision\backend\crop\service\CropServiceImpl.java
C:\Users\princ\SindaAgro\AgriVision-AI\backend\src\main\java\com\agrivision\backend\decision\controller\DecisionController.java
C:\Users\princ\SindaAgro\AgriVision-AI\backend\src\main\java\com\agrivision\backend\decision\dto\MasterCropDecisionResponseDto.java
C:\Users\princ\SindaAgro\AgriVision-AI\backend\src\main\java\com\agrivision\backend\decision\service\DecisionService.java
C:\Users\princ\SindaAgro\AgriVision-AI\backend\src\main\java\com\agrivision\backend\decision\service\DecisionServiceImpl.java
C:\Users\princ\SindaAgro\AgriVision-AI\backend\src\main\java\com\agrivision\backend\exception\GlobalExceptionHandler.java
C:\Users\princ\SindaAgro\AgriVision-AI\backend\src\main\java\com\agrivision\backend\exception\ResourceAlreadyExistsException.java
C:\Users\princ\SindaAgro\AgriVision-AI\backend\src\main\java\com\agrivision\backend\exception\ResourceNotFoundException.java
C:\Users\princ\SindaAgro\AgriVision-AI\backend\src\main\java\com\agrivision\backend\exception\UnauthorizedException.java
C:\Users\princ\SindaAgro\AgriVision-AI\backend\src\main\java\com\agrivision\backend\farm\controller\FarmController.java
C:\Users\princ\SindaAgro\AgriVision-AI\backend\src\main\java\com\agrivision\backend\farm\dto\FarmRequestDto.java
C:\Users\princ\SindaAgro\AgriVision-AI\backend\src\main\java\com\agrivision\backend\farm\dto\FarmResponseDto.java
C:\Users\princ\SindaAgro\AgriVision-AI\backend\src\main\java\com\agrivision\backend\farm\entity\Farm.java
C:\Users\princ\SindaAgro\AgriVision-AI\backend\src\main\java\com\agrivision\backend\farm\repository\FarmRepository.java
C:\Users\princ\SindaAgro\AgriVision-AI\backend\src\main\java\com\agrivision\backend\farm\service\FarmService.java
C:\Users\princ\SindaAgro\AgriVision-AI\backend\src\main\java\com\agrivision\backend\farm\service\FarmServiceImpl.java
C:\Users\princ\SindaAgro\AgriVision-AI\backend\src\main\java\com\agrivision\backend\farmer\controller\FarmerController.java
C:\Users\princ\SindaAgro\AgriVision-AI\backend\src\main\java\com\agrivision\backend\farmer\dto\FarmerProfileRequestDto.java
C:\Users\princ\SindaAgro\AgriVision-AI\backend\src\main\java\com\agrivision\backend\farmer\dto\FarmerProfileResponseDto.java
C:\Users\princ\SindaAgro\AgriVision-AI\backend\src\main\java\com\agrivision\backend\farmer\entity\Farmer.java
C:\Users\princ\SindaAgro\AgriVision-AI\backend\src\main\java\com\agrivision\backend\farmer\repository\FarmerRepository.java
C:\Users\princ\SindaAgro\AgriVision-AI\backend\src\main\java\com\agrivision\backend\farmer\service\FarmerService.java
C:\Users\princ\SindaAgro\AgriVision-AI\backend\src\main\java\com\agrivision\backend\farmer\service\FarmerServiceImpl.java
C:\Users\princ\SindaAgro\AgriVision-AI\backend\src\main\java\com\agrivision\backend\farmingplan\controller\FarmingPlanController.java
C:\Users\princ\SindaAgro\AgriVision-AI\backend\src\main\java\com\agrivision\backend\farmingplan\dto\FarmingPlanRequestDto.java
C:\Users\princ\SindaAgro\AgriVision-AI\backend\src\main\java\com\agrivision\backend\farmingplan\dto\FarmingPlanResponseDto.java
C:\Users\princ\SindaAgro\AgriVision-AI\backend\src\main\java\com\agrivision\backend\farmingplan\engine\FarmingPlanGenerator.java
C:\Users\princ\SindaAgro\AgriVision-AI\backend\src\main\java\com\agrivision\backend\farmingplan\entity\FarmingPlan.java
C:\Users\princ\SindaAgro\AgriVision-AI\backend\src\main\java\com\agrivision\backend\farmingplan\repository\FarmingPlanRepository.java
C:\Users\princ\SindaAgro\AgriVision-AI\backend\src\main\java\com\agrivision\backend\farmingplan\service\FarmingPlanService.java
C:\Users\princ\SindaAgro\AgriVision-AI\backend\src\main\java\com\agrivision\backend\farmingplan\service\FarmingPlanServiceImpl.java
C:\Users\princ\SindaAgro\AgriVision-AI\backend\src\main\java\com\agrivision\backend\health\controller\HealthCheckController.java
C:\Users\princ\SindaAgro\AgriVision-AI\backend\src\main\java\com\agrivision\backend\health\controller\HealthController.java
C:\Users\princ\SindaAgro\AgriVision-AI\backend\src\main\java\com\agrivision\backend\health\dto\HealthResponseDto.java
C:\Users\princ\SindaAgro\AgriVision-AI\backend\src\main\java\com\agrivision\backend\market\controller\MarketController.java
C:\Users\princ\SindaAgro\AgriVision-AI\backend\src\main\java\com\agrivision\backend\market\dto\AlternativeCropResponseDto.java
C:\Users\princ\SindaAgro\AgriVision-AI\backend\src\main\java\com\agrivision\backend\market\dto\MarketOpportunityReportDto.java
C:\Users\princ\SindaAgro\AgriVision-AI\backend\src\main\java\com\agrivision\backend\market\engine\AlternativeCropEngine.java
C:\Users\princ\SindaAgro\AgriVision-AI\backend\src\main\java\com\agrivision\backend\market\service\MarketService.java
C:\Users\princ\SindaAgro\AgriVision-AI\backend\src\main\java\com\agrivision\backend\market\service\MarketServiceImpl.java
C:\Users\princ\SindaAgro\AgriVision-AI\backend\src\main\java\com\agrivision\backend\recommendation\controller\RecommendationController.java
C:\Users\princ\SindaAgro\AgriVision-AI\backend\src\main\java\com\agrivision\backend\recommendation\dto\CropSuitabilityResponseDto.java
C:\Users\princ\SindaAgro\AgriVision-AI\backend\src\main\java\com\agrivision\backend\recommendation\dto\RecommendationResponseDto.java
C:\Users\princ\SindaAgro\AgriVision-AI\backend\src\main\java\com\agrivision\backend\recommendation\engine\CropScorer.java
C:\Users\princ\SindaAgro\AgriVision-AI\backend\src\main\java\com\agrivision\backend\recommendation\service\RecommendationService.java
C:\Users\princ\SindaAgro\AgriVision-AI\backend\src\main\java\com\agrivision\backend\recommendation\service\RecommendationServiceImpl.java
C:\Users\princ\SindaAgro\AgriVision-AI\backend\src\main\java\com\agrivision\backend\security\CustomUserDetailsService.java
C:\Users\princ\SindaAgro\AgriVision-AI\backend\src\main\java\com\agrivision\backend\security\JwtAuthenticationFilter.java
C:\Users\princ\SindaAgro\AgriVision-AI\backend\src\main\java\com\agrivision\backend\security\JwtTokenProvider.java
C:\Users\princ\SindaAgro\AgriVision-AI\backend\src\main\java\com\agrivision\backend\security\UserPrincipal.java
C:\Users\princ\SindaAgro\AgriVision-AI\backend\src\main\java\com\agrivision\backend\soil\controller\SoilReportController.java
C:\Users\princ\SindaAgro\AgriVision-AI\backend\src\main\java\com\agrivision\backend\soil\dto\SoilReportRequestDto.java
C:\Users\princ\SindaAgro\AgriVision-AI\backend\src\main\java\com\agrivision\backend\soil\dto\SoilReportResponseDto.java
C:\Users\princ\SindaAgro\AgriVision-AI\backend\src\main\java\com\agrivision\backend\soil\dto\SoilTesterDto.java
C:\Users\princ\SindaAgro\AgriVision-AI\backend\src\main\java\com\agrivision\backend\soil\dto\SoilTestOrderRequestDto.java
C:\Users\princ\SindaAgro\AgriVision-AI\backend\src\main\java\com\agrivision\backend\soil\dto\SoilTestOrderResponseDto.java
C:\Users\princ\SindaAgro\AgriVision-AI\backend\src\main\java\com\agrivision\backend\soil\entity\SoilReport.java
C:\Users\princ\SindaAgro\AgriVision-AI\backend\src\main\java\com\agrivision\backend\soil\repository\SoilReportRepository.java
C:\Users\princ\SindaAgro\AgriVision-AI\backend\src\main\java\com\agrivision\backend\soil\service\SoilReportService.java
C:\Users\princ\SindaAgro\AgriVision-AI\backend\src\main\java\com\agrivision\backend\soil\service\SoilReportServiceImpl.java
C:\Users\princ\SindaAgro\AgriVision-AI\backend\src\main\java\com\agrivision\backend\technology\controller\TechnologyController.java
C:\Users\princ\SindaAgro\AgriVision-AI\backend\src\main\java\com\agrivision\backend\technology\dto\TechnologyRecommendationDto.java
C:\Users\princ\SindaAgro\AgriVision-AI\backend\src\main\java\com\agrivision\backend\technology\dto\TechnologyRecommendationResponseDto.java
C:\Users\princ\SindaAgro\AgriVision-AI\backend\src\main\java\com\agrivision\backend\technology\service\TechnologyService.java
C:\Users\princ\SindaAgro\AgriVision-AI\backend\src\main\java\com\agrivision\backend\user\controller\AuthController.java
C:\Users\princ\SindaAgro\AgriVision-AI\backend\src\main\java\com\agrivision\backend\user\dto\AuthResponseDto.java
C:\Users\princ\SindaAgro\AgriVision-AI\backend\src\main\java\com\agrivision\backend\user\dto\LoginRequestDto.java
C:\Users\princ\SindaAgro\AgriVision-AI\backend\src\main\java\com\agrivision\backend\user\dto\PhoneLoginRequestDto.java
C:\Users\princ\SindaAgro\AgriVision-AI\backend\src\main\java\com\agrivision\backend\user\dto\RegisterRequestDto.java
C:\Users\princ\SindaAgro\AgriVision-AI\backend\src\main\java\com\agrivision\backend\user\entity\Role.java
C:\Users\princ\SindaAgro\AgriVision-AI\backend\src\main\java\com\agrivision\backend\user\entity\User.java
C:\Users\princ\SindaAgro\AgriVision-AI\backend\src\main\java\com\agrivision\backend\user\repository\UserRepository.java
C:\Users\princ\SindaAgro\AgriVision-AI\backend\src\main\java\com\agrivision\backend\user\service\AuthService.java
C:\Users\princ\SindaAgro\AgriVision-AI\backend\src\main\java\com\agrivision\backend\user\service\AuthServiceImpl.java
C:\Users\princ\SindaAgro\AgriVision-AI\backend\src\main\java\com\agrivision\backend\weather\controller\WeatherController.java
C:\Users\princ\SindaAgro\AgriVision-AI\backend\src\main\java\com\agrivision\backend\weather\dto\WeatherForecastDto.java
C:\Users\princ\SindaAgro\AgriVision-AI\backend\src\main\java\com\agrivision\backend\weather\dto\WeatherRiskAlertDto.java
C:\Users\princ\SindaAgro\AgriVision-AI\backend\src\main\java\com\agrivision\backend\weather\dto\WeatherRiskReportDto.java
C:\Users\princ\SindaAgro\AgriVision-AI\backend\src\main\java\com\agrivision\backend\weather\engine\WeatherRiskEngine.java
C:\Users\princ\SindaAgro\AgriVision-AI\backend\src\main\java\com\agrivision\backend\weather\service\WeatherMockService.java
C:\Users\princ\SindaAgro\AgriVision-AI\backend\src\main\java\com\agrivision\backend\weather\service\WeatherService.java
C:\Users\princ\SindaAgro\AgriVision-AI\backend\src\main\java\com\agrivision\backend\weather\service\WeatherServiceImpl.java
