com\agrivision\backend\domain\WeatherIntegrationTest.class
com\agrivision\backend\domain\FarmingPlanIntegrationTest.class
com\agrivision\backend\market\AlternativeCropEngineTest.class
com\agrivision\backend\AgriVisionApplicationTests.class
com\agrivision\backend\user\AuthServiceTest.class
com\agrivision\backend\farm\FarmServiceTest.class
com\agrivision\backend\domain\FarmerAndFarmIntegrationTest.class
com\agrivision\backend\user\AuthControllerTest.class
com\agrivision\backend\domain\JpaEntitiesTest.class
com\agrivision\backend\ai\AiServiceClientTest.class
com\agrivision\backend\farmingplan\FarmingPlanGeneratorTest.class
com\agrivision\backend\recommendation\RecommendationServiceTest.class
com\agrivision\backend\health\HealthControllerTest.class
com\agrivision\backend\market\MarketServiceTest.class
com\agrivision\backend\weather\WeatherRiskEngineTest.class
com\agrivision\backend\decision\DecisionServiceTest.class
com\agrivision\backend\domain\SoilAndCropIntegrationTest.class
com\agrivision\backend\farmingplan\FarmingPlanServiceTest.class
com\agrivision\backend\weather\WeatherServiceTest.class
com\agrivision\backend\crop\CropServiceTest.class
com\agrivision\backend\domain\MarketIntegrationTest.class
com\agrivision\backend\domain\RecommendationIntegrationTest.class
com\agrivision\backend\domain\DecisionIntegrationTest.class
com\agrivision\backend\health\HealthCheckControllerTest.class
com\agrivision\backend\soil\SoilReportServiceTest.class
com\agrivision\backend\farmer\FarmerServiceTest.class
com\agrivision\backend\recommendation\CropScorerTest.class
